[INFO] Scanning for projects...
[INFO] 
[INFO] --------------------< com.example:AmazonBestSeller >--------------------
[INFO] Building Amazon BestSeller 1.0.0
[INFO]   from pom.xml
[INFO] --------------------------------[ jar ]---------------------------------
[INFO] 
[INFO] --- resources:3.3.1:resources (default-resources) @ AmazonBestSeller ---
[INFO] Copying 2 resources from src\main\resources to target\classes
[INFO] Copying 3 resources from src\main\resources to target\classes
[INFO] 
[INFO] --- compiler:3.11.0:compile (default-compile) @ AmazonBestSeller ---
[INFO] Changes detected - recompiling the module! :source
[INFO] Compiling 102 source files with javac [debug release 17] to target\classes
[WARNING] /C:/Users/RPC/IdeaProjects/AmazonBestSeller/src/main/java/com/example/amazonbestseller/entity/Produit.java:[46,24] @Builder will ignore the initializing expression entirely. If you want the initializing expression to serve as default, add @Builder.Default. If it is not supposed to be settable during building, make the field final.
[WARNING] /C:/Users/RPC/IdeaProjects/AmazonBestSeller/src/main/java/com/example/amazonbestseller/entity/Produit.java:[49,21] @Builder will ignore the initializing expression entirely. If you want the initializing expression to serve as default, add @Builder.Default. If it is not supposed to be settable during building, make the field final.
[WARNING] /C:/Users/RPC/IdeaProjects/AmazonBestSeller/src/main/java/com/example/amazonbestseller/entity/Produit.java:[52,21] @Builder will ignore the initializing expression entirely. If you want the initializing expression to serve as default, add @Builder.Default. If it is not supposed to be settable during building, make the field final.
[WARNING] /C:/Users/RPC/IdeaProjects/AmazonBestSeller/src/main/java/com/example/amazonbestseller/entity/Produit.java:[64,21] @Builder will ignore the initializing expression entirely. If you want the initializing expression to serve as default, add @Builder.Default. If it is not supposed to be settable during building, make the field final.
[WARNING] /C:/Users/RPC/IdeaProjects/AmazonBestSeller/src/main/java/com/example/amazonbestseller/entity/Produit.java:[67,21] @Builder will ignore the initializing expression entirely. If you want the initializing expression to serve as default, add @Builder.Default. If it is not supposed to be settable during building, make the field final.
[WARNING] /C:/Users/RPC/IdeaProjects/AmazonBestSeller/src/main/java/com/example/amazonbestseller/entity/Produit.java:[70,27] @Builder will ignore the initializing expression entirely. If you want the initializing expression to serve as default, add @Builder.Default. If it is not supposed to be settable during building, make the field final.
[WARNING] Implicitly compiled files were not subject to annotation processing.
  Use -proc:none to disable annotation processing or -implicit to specify a policy for implicit compilation.
[INFO] /C:/Users/RPC/IdeaProjects/AmazonBestSeller/src/main/java/com/example/amazonbestseller/config/DataInitializer.java: C:\Users\RPC\IdeaProjects\AmazonBestSeller\src\main\java\com\example\amazonbestseller\config\DataInitializer.java uses unchecked or unsafe operations.
[INFO] /C:/Users/RPC/IdeaProjects/AmazonBestSeller/src/main/java/com/example/amazonbestseller/config/DataInitializer.java: Recompile with -Xlint:unchecked for details.
[INFO] ------------------------------------------------------------------------
[INFO] BUILD SUCCESS
[INFO] ------------------------------------------------------------------------
[INFO] Total time:  30.303 s
[INFO] Finished at: 2026-01-06T18:11:21+01:00
[INFO] ------------------------------------------------------------------------
